// Jest Snapshot v1, https://goo.gl/fbAQLP

exports[`component matches snapshot 1`] = `
<div>
  <svg
    height={1000}
    style={
      Object {
        "WebkitTransform": "rotate(0deg)",
        "borderRadius": "50%",
        "opacity": 1,
        "width": "100%",
      }
    }
    transform="rotate(0)"
    viewBox="0 0 1000 1000"
    width={1000}
  />
</div>
`;
